// Jest Snapshot v1, https://goo.gl/fbAQLP

exports[`Mock render - default - value[0] - default 1`] = `Array []`;

exports[`Mock render - properties.disabled - value[0] - default 1`] = `Array []`;

exports[`Mock render - properties.icon and properties.title - value[0] - default 1`] = `Array []`;

exports[`Mock render - properties.icon object - value[0] - default 1`] = `Array []`;

exports[`Mock render - properties.icon string - value[0] - default 1`] = `Array []`;

exports[`Mock render - properties.icon, properties.title and properties.disabled - value[0] - default 1`] = `Array []`;

exports[`Mock render - properties.strong - value[0] - default 1`] = `Array []`;

exports[`Mock render - properties.style - value[0] - default 1`] = `Array []`;

exports[`Mock render - properties.style with icon - value[0] - default 1`] = `Array []`;

exports[`Mock render - properties.title - value[0] - default 1`] = `Array []`;
