// Jest Snapshot v1, https://goo.gl/fbAQLP

exports[`Test Schema default 1`] = `true`;

exports[`Test Schema default 2`] = `null`;

exports[`Test Schema properties.color 1`] = `true`;

exports[`Test Schema properties.color 2`] = `null`;

exports[`Test Schema properties.count 1`] = `true`;

exports[`Test Schema properties.count 2`] = `null`;

exports[`Test Schema properties.count: 0 1`] = `true`;

exports[`Test Schema properties.count: 0 2`] = `null`;

exports[`Test Schema properties.dot: true 1`] = `true`;

exports[`Test Schema properties.dot: true 2`] = `null`;

exports[`Test Schema properties.icon object 1`] = `true`;

exports[`Test Schema properties.icon object 2`] = `null`;

exports[`Test Schema properties.icon string 1`] = `true`;

exports[`Test Schema properties.icon string 2`] = `null`;

exports[`Test Schema properties.offset [x,y] 1`] = `true`;

exports[`Test Schema properties.offset [x,y] 2`] = `null`;

exports[`Test Schema properties.overflowCount 1`] = `true`;

exports[`Test Schema properties.overflowCount 2`] = `null`;

exports[`Test Schema properties.showZero 1`] = `true`;

exports[`Test Schema properties.showZero 2`] = `null`;

exports[`Test Schema properties.size: small 1`] = `true`;

exports[`Test Schema properties.size: small 2`] = `null`;

exports[`Test Schema properties.status: default 1`] = `true`;

exports[`Test Schema properties.status: default 2`] = `null`;

exports[`Test Schema properties.status: error 1`] = `true`;

exports[`Test Schema properties.status: error 2`] = `null`;

exports[`Test Schema properties.status: error and text: Error! 1`] = `true`;

exports[`Test Schema properties.status: error and text: Error! 2`] = `null`;

exports[`Test Schema properties.status: processing 1`] = `true`;

exports[`Test Schema properties.status: processing 2`] = `null`;

exports[`Test Schema properties.status: success 1`] = `true`;

exports[`Test Schema properties.status: success 2`] = `null`;

exports[`Test Schema properties.title: When hovering over badge 1`] = `true`;

exports[`Test Schema properties.title: When hovering over badge 2`] = `null`;
