// Jest Snapshot v1, https://goo.gl/fbAQLP

exports[`Mock render - default - value[0] - default 1`] = `Array []`;

exports[`Mock render - properties.bordered: false - value[0] - default 1`] = `Array []`;

exports[`Mock render - properties.disabledDates.dates - value[0] - default 1`] = `Array []`;

exports[`Mock render - properties.disabledDates.max - value[0] - default 1`] = `Array []`;

exports[`Mock render - properties.disabledDates.min - value[0] - default 1`] = `Array []`;

exports[`Mock render - properties.disabledDates.ranges - value[0] - default 1`] = `Array []`;

exports[`Mock render - properties.inputStyle: CSS style applied - value[0] - default 1`] = `Array []`;

exports[`Mock render - properties.title - value[0] - default 1`] = `Array []`;

exports[`Mock render - property.allowClear: false - value[0] - default 1`] = `Array []`;

exports[`Mock render - property.autoFocus: true - value[0] - default 1`] = `Array []`;

exports[`Mock render - property.disabled: true - value[0] - default 1`] = `Array []`;

exports[`Mock render - property.format: YYYY-MMM-DD - value[0] - default 1`] = `Array []`;

exports[`Mock render - property.label align: right - value[0] - default 1`] = `Array []`;

exports[`Mock render - property.label colon: true - value[0] - default 1`] = `Array []`;

exports[`Mock render - property.label disabled: true - value[0] - default 1`] = `Array []`;

exports[`Mock render - property.label extra: extra text added - value[0] - default 1`] = `Array []`;

exports[`Mock render - property.label inline: true - value[0] - default 1`] = `Array []`;

exports[`Mock render - property.label span: 5 - value[0] - default 1`] = `Array []`;

exports[`Mock render - property.placeholder: - Start Date - End Date - value[0] - default 1`] = `Array []`;

exports[`Mock render - property.separator: «Å - value[0] - default 1`] = `Array []`;

exports[`Mock render - property.size: large - value[0] - default 1`] = `Array []`;

exports[`Mock render - property.size: small - value[0] - default 1`] = `Array []`;

exports[`Mock render - property.suffixIcon Red: CalendarOutlined - value[0] - default 1`] = `Array []`;

exports[`Mock render - property.suffixIcon: CalendarOutlined - value[0] - default 1`] = `Array []`;
