// Jest Snapshot v1, https://goo.gl/fbAQLP

exports[`Mock render - default - value[0] - default 1`] = `Array []`;

exports[`Mock render - properties.bottom: 250 placement: bottomLeft - value[0] - default 1`] = `Array []`;

exports[`Mock render - properties.button: icon - value[0] - default 1`] = `Array []`;

exports[`Mock render - properties.closeIcon: AlertOutlined - value[0] - default 1`] = `Array []`;

exports[`Mock render - properties.description: - value[0] - default 1`] = `Array []`;

exports[`Mock render - properties.duration: 6 - value[0] - default 1`] = `Array []`;

exports[`Mock render - properties.icon - value[0] - default 1`] = `Array []`;

exports[`Mock render - properties.message - value[0] - default 1`] = `Array []`;

exports[`Mock render - properties.placement: bottomLeft - value[0] - default 1`] = `Array []`;

exports[`Mock render - properties.placement: bottomRight - value[0] - default 1`] = `Array []`;

exports[`Mock render - properties.placement: topLeft - value[0] - default 1`] = `Array []`;

exports[`Mock render - properties.status: error - value[0] - default 1`] = `Array []`;

exports[`Mock render - properties.status: info - value[0] - default 1`] = `Array []`;

exports[`Mock render - properties.status: warning - value[0] - default 1`] = `Array []`;

exports[`Mock render - properties.top: 250 placement: topLeft - value[0] - default 1`] = `Array []`;
