// Jest Snapshot v1, https://goo.gl/fbAQLP

exports[`Test Schema default 1`] = `true`;

exports[`Test Schema default 2`] = `null`;

exports[`Test Schema properties.breadcrumb.list 1`] = `true`;

exports[`Test Schema properties.breadcrumb.list 2`] = `null`;

exports[`Test Schema properties.content.style 1`] = `true`;

exports[`Test Schema properties.content.style 2`] = `null`;

exports[`Test Schema properties.footer.style 1`] = `true`;

exports[`Test Schema properties.footer.style 2`] = `null`;

exports[`Test Schema properties.header.color 1`] = `true`;

exports[`Test Schema properties.header.color 2`] = `null`;

exports[`Test Schema properties.header.style 1`] = `true`;

exports[`Test Schema properties.header.style 2`] = `null`;

exports[`Test Schema properties.header.theme: light 1`] = `true`;

exports[`Test Schema properties.header.theme: light 2`] = `null`;

exports[`Test Schema properties.logo.alt 1`] = `true`;

exports[`Test Schema properties.logo.alt 2`] = `null`;

exports[`Test Schema properties.logo.src 1`] = `true`;

exports[`Test Schema properties.logo.src 2`] = `null`;

exports[`Test Schema properties.logo.style 1`] = `true`;

exports[`Test Schema properties.logo.style 2`] = `null`;

exports[`Test Schema properties.menu 1`] = `true`;

exports[`Test Schema properties.menu 2`] = `null`;

exports[`Test Schema properties.style 1`] = `true`;

exports[`Test Schema properties.style 2`] = `null`;
