// Jest Snapshot v1, https://goo.gl/fbAQLP

exports[`Mock render - default - value[0] - default 1`] = `Array []`;

exports[`Mock render - properties.color_red - value[0] - default 1`] = `Array []`;

exports[`Mock render - properties.direction column - value[0] - default 1`] = `Array []`;

exports[`Mock render - properties.direction column-reverse - value[0] - default 1`] = `Array []`;

exports[`Mock render - properties.direction row - value[0] - default 1`] = `Array []`;

exports[`Mock render - properties.direction row-reverse - value[0] - default 1`] = `Array []`;

exports[`Mock render - properties.disabled: true - value[0] - default 1`] = `Array []`;

exports[`Mock render - properties.inputStyle. CSS style - value[0] - default 1`] = `Array []`;

exports[`Mock render - properties.label.colon: false - value[0] - default 1`] = `Array []`;

exports[`Mock render - properties.label.disabled: true - value[0] - default 1`] = `Array []`;

exports[`Mock render - properties.label.extra: showingextra - value[0] - default 1`] = `Array []`;

exports[`Mock render - properties.label: align_right - value[0] - default 1`] = `Array []`;

exports[`Mock render - properties.label: inline_true - value[0] - default 1`] = `Array []`;

exports[`Mock render - properties.label: span_12 - value[0] - default 1`] = `Array []`;

exports[`Mock render - properties.options.label: html - value[0] - default 1`] = `Array []`;

exports[`Mock render - properties.options: html - value[0] - default 1`] = `Array []`;

exports[`Mock render - properties.options-boolean - value[0] - default 1`] = `Array []`;

exports[`Mock render - properties.options-number - value[0] - default 1`] = `Array []`;

exports[`Mock render - properties.options-object - value[0] - default 1`] = `Array []`;

exports[`Mock render - properties.options-string - value[0] - default 1`] = `Array []`;

exports[`Mock render - properties.options-style - value[0] - default 1`] = `Array []`;

exports[`Mock render - properties.title - value[0] - default 1`] = `Array []`;
