// Jest Snapshot v1, https://goo.gl/fbAQLP

exports[`Render default 1`] = `null`;

exports[`Render properties.title 1`] = `null`;

exports[`Test Schema default 1`] = `true`;

exports[`Test Schema default 2`] = `null`;

exports[`Test Schema properties.title 1`] = `true`;

exports[`Test Schema properties.title 2`] = `null`;
