// Jest Snapshot v1, https://goo.gl/fbAQLP

exports[`Test Schema default 1`] = `true`;

exports[`Test Schema default 2`] = `null`;

exports[`Test Schema properties.options-object 1`] = `true`;

exports[`Test Schema properties.options-object 2`] = `null`;

exports[`Test Schema properties.options-string 1`] = `true`;

exports[`Test Schema properties.options-string 2`] = `null`;

exports[`Test Schema properties.title 1`] = `true`;

exports[`Test Schema properties.title 2`] = `null`;
