// Jest Snapshot v1, https://goo.gl/fbAQLP

exports[`Test Schema default 1`] = `true`;

exports[`Test Schema default 2`] = `null`;

exports[`Test Schema properties.tabs 1`] = `true`;

exports[`Test Schema properties.tabs 2`] = `null`;
