// Jest Snapshot v1, https://goo.gl/fbAQLP

exports[`Render default - value[0] 1`] = `
<div
  class="skeleton emotion-0"
  style="width: 100%; height: 100%;"
/>
`;

exports[`Render sizedefault - value[0] 1`] = `
<div
  class="skeleton emotion-0"
  style="width: 100%; height: 100%;"
/>
`;

exports[`Render sizesmall - value[0] 1`] = `
<div
  class="skeleton emotion-0"
  style="width: 100%; height: 100%;"
/>
`;
