// Jest Snapshot v1, https://goo.gl/fbAQLP

exports[`Test Schema default 1`] = `true`;

exports[`Test Schema default 2`] = `null`;

exports[`Test Schema defaultColor 1`] = `true`;

exports[`Test Schema defaultColor 2`] = `null`;

exports[`Test Schema disableAlpha 1`] = `true`;

exports[`Test Schema disableAlpha 2`] = `null`;

exports[`Test Schema inputStyle 1`] = `true`;

exports[`Test Schema inputStyle 2`] = `null`;

exports[`Test Schema label-disabled 1`] = `true`;

exports[`Test Schema label-disabled 2`] = `null`;

exports[`Test Schema title 1`] = `true`;

exports[`Test Schema title 2`] = `null`;
